============================================================
  Generated by:           Genus(TM) Synthesis Solution 21.14-s082_1
  Generated on:           Jun 02 2026  04:53:40 am
  Module:                 sync_unit
  Operating conditions:   slow (balanced_tree)
  Wireload mode:          enclosed
  Area mode:              timing library
============================================================

Timing
--------

  Clock    Period 
------------------
cam1_pclk 13333.0 
cam2_pclk 10000.0 
sys_clk   10000.0 


   Cost     Critical         Violating 
  Group    Path Slack  TNS     Paths   
---------------------------------------
cam1_pclk      9731.4   0.0          0 
cam2_pclk    No paths   0.0            
default      No paths   0.0            
sys_clk        3991.1   0.0          0 
---------------------------------------
Total                   0.0          0 

Instance Count
--------------
Leaf Instance Count             1006937 
Physical Instance count               0 
Sequential Instance Count        442659 
Combinational Instance Count     564278 
Hierarchical Instance Count           4 

Area
----
Cell Area                          11686673.756
Physical Cell Area                 0.000
Total Cell Area (Cell+Physical)    11686673.756
Net Area                           0.000
Total Area (Cell+Physical+Net)     11686673.756

Max Fanout                         332016 (sys_clk)
Min Fanout                         0 (cam1_async_fifo_inst/n_2041762)
Average Fanout                     3.2
Terms to net ratio                 4.2364
Terms to instance ratio            4.2367
Runtime                            10633.901521000067 seconds
Elapsed Runtime                    10345 seconds
Genus peak memory usage            10497.55 
Innovus peak memory usage          no_value 
Hostname                           localhost
