============================================================
  Generated by:           Genus(TM) Synthesis Solution 21.14-s082_1
  Generated on:           Jun 02 2026  04:53:40 am
  Module:                 sync_unit
  Operating conditions:   slow (balanced_tree)
  Wireload mode:          enclosed
  Area mode:              timing library
============================================================


Path 1: MET (3991 ps) Setup Check with Pin cam2_sync_fifo_buf_inst/rd_data_reg[17]/CK->D
          Group: sys_clk
     Startpoint: (R) cam2_sync_fifo_buf_inst/wr_ptr_reg[6]/CK
          Clock: (R) sys_clk
       Endpoint: (F) cam2_sync_fifo_buf_inst/rd_data_reg[17]/D
          Clock: (R) sys_clk

                     Capture       Launch     
        Clock Edge:+   10000            0     
       Src Latency:+       0            0     
       Net Latency:+     200 (I)      200 (I) 
           Arrival:=   10200          200     
                                              
             Setup:-     107                  
       Uncertainty:-     100                  
     Required Time:=    9993                  
      Launch Clock:-     200                  
         Data Path:-    5802                  
             Slack:=    3991                  

#---------------------------------------------------------------------------------------------------------------------
#                Timing Point                 Flags   Arc   Edge   Cell      Fanout Load Trans Delay Arrival Instance 
#                                                                                   (fF)  (ps)  (ps)   (ps)  Location 
#---------------------------------------------------------------------------------------------------------------------
  cam2_sync_fifo_buf_inst/wr_ptr_reg[6]/CK    -       -     R     (arrival)  332016    -   100     0     200    (-,-) 
  cam2_sync_fifo_buf_inst/wr_ptr_reg[6]/Q     -       CK->Q F     DFFQX1          1  2.8    48   331     531    (-,-) 
  cam2_sync_fifo_buf_inst/drc_buf_sp1560924/Y -       A->Y  F     BUFX3           2  5.6    38   102     632    (-,-) 
  cam2_sync_fifo_buf_inst/drc_buf_sp1560923/Y -       A->Y  F     BUFX3           8 17.6    64   123     756    (-,-) 
  cam2_sync_fifo_buf_inst/g1546733/Y          -       B->Y  R     XNOR2XL         1  1.7    60   180     936    (-,-) 
  cam2_sync_fifo_buf_inst/g1546119/Y          -       B->Y  F     NAND2XL         2  3.6   110    98    1033    (-,-) 
  cam2_sync_fifo_buf_inst/g1546725/Y          -       AN->Y F     NAND4BXL        1  2.9   218   251    1284    (-,-) 
  cam2_sync_fifo_buf_inst/g1546724/Y          -       D->Y  R     NOR4BX1         1  2.9   194   174    1459    (-,-) 
  cam2_sync_fifo_buf_inst/g1546723/Y          -       C->Y  F     NAND3BX1        2  4.3   155   145    1604    (-,-) 
  cam2_sync_fifo_buf_inst/g1546722/Y          -       A->Y  R     CLKINVX1        3  6.0    85    93    1697    (-,-) 
  g126/Y                                      -       B->Y  R     OR2X1           4  7.8    84   131    1828    (-,-) 
  g120/Y                                      -       C->Y  R     OR3X1           1  2.8    50   107    1935    (-,-) 
  g118/Y                                      -       B0->Y F     OAI211X1        1  1.7   111   101    2036    (-,-) 
  cam2_sync_fifo_buf_inst/g2126908/Y          -       B->Y  R     NAND2XL         4  9.1   163   148    2184    (-,-) 
  cam2_sync_fifo_buf_inst/g1910854/Y          -       C->Y  F     NOR3BX1         4  9.0   102   102    2286    (-,-) 
  cam2_sync_fifo_buf_inst/g1910619/Y          -       B->Y  R     NAND2XL         8 15.8   256   213    2499    (-,-) 
  cam2_sync_fifo_buf_inst/g1909951/Y          -       B->Y  R     OR2XL          10 18.0   283   279    2778    (-,-) 
  cam2_sync_fifo_buf_inst/drc_bufs1911309/Y   -       A->Y  F     CLKINVX1        3  8.1   126   106    2884    (-,-) 
  cam2_sync_fifo_buf_inst/drc_bufs1911308/Y   -       A->Y  R     CLKINVX1        9 20.0   177   166    3051    (-,-) 
  cam2_sync_fifo_buf_inst/g1909839/Y          -       A->Y  F     CLKINVX1        8 15.6   138   133    3184    (-,-) 
  cam2_sync_fifo_buf_inst/drc_bufs1921513/Y   -       A->Y  R     CLKINVX1        9 45.9   385   315    3498    (-,-) 
  cam2_sync_fifo_buf_inst/drc_bufs1921512/Y   -       A->Y  F     CLKINVX1        8 14.6   188   165    3663    (-,-) 
  cam2_sync_fifo_buf_inst/g1909835/Y          -       A->Y  R     CLKINVX1        4 21.6   197   197    3860    (-,-) 
  cam2_sync_fifo_buf_inst/g1908960/Y          -       B->Y  F     NOR2X2          1  2.8   116    41    3900    (-,-) 
  cam2_sync_fifo_buf_inst/drc_buf_sp1560991/Y -       A->Y  F     BUFX3           2  5.6    39   125    4025    (-,-) 
  cam2_sync_fifo_buf_inst/drc_buf_sp1560989/Y -       A->Y  F     BUFX3           8 20.4    70   129    4154    (-,-) 
  cam2_sync_fifo_buf_inst/g2110587/Y          -       A->Y  F     BUFX2           7 18.2    88   165    4319    (-,-) 
  cam2_sync_fifo_buf_inst/g2105901/Y          -       A0->Y R     AOI22X1         1  1.5    80   107    4426    (-,-) 
  cam2_sync_fifo_buf_inst/g2088104/Y          -       A->Y  F     NAND4XL         1  2.7   204   186    4612    (-,-) 
  cam2_sync_fifo_buf_inst/g2076623/Y          -       C->Y  R     NOR4X1          1  1.5   154   156    4768    (-,-) 
  cam2_sync_fifo_buf_inst/g2075235/Y          -       A->Y  F     NAND4XL         1  2.7   210   191    4959    (-,-) 
  cam2_sync_fifo_buf_inst/g2075085/Y          -       B->Y  R     NOR4X1          1  2.8   190   199    5158    (-,-) 
  cam2_sync_fifo_buf_inst/g2075047/Y          -       C->Y  F     NAND3X1         1  2.7   127   120    5278    (-,-) 
  cam2_sync_fifo_buf_inst/g2075022/Y          -       B->Y  R     NOR3X1          1  1.7   109   114    5392    (-,-) 
  cam2_sync_fifo_buf_inst/g2075011/Y          -       D->Y  F     NAND4XL         1  1.8   171   142    5534    (-,-) 
  cam2_sync_fifo_buf_inst/g2075007/Y          -       AN->Y F     NAND4BXL        1  1.7   171   224    5758    (-,-) 
  cam2_sync_fifo_buf_inst/g2074999/Y          -       C->Y  F     OR4XL           1  1.6    75   244    6002    (-,-) 
  cam2_sync_fifo_buf_inst/rd_data_reg[17]/D   <<<     -     F     DFFQX1          1    -     -     0    6002    (-,-) 
#---------------------------------------------------------------------------------------------------------------------

